[2015.dconstruct.org/index.html]
[backblue.gif]
[fade.gif]
[index.html]
[2015.dconstruct.org/assets/img/twittercard.jpg]
[2015.dconstruct.org/assets/css/allcd61.css]
[2015.dconstruct.org/assets/img/intro-bg-sm.jpg]
[2015.dconstruct.org/speaker/brian-david-johnson.html]
[2015.dconstruct.org/speaker/carla-diana.html]
[2015.dconstruct.org/speaker/chris-noessel.html]
[2015.dconstruct.org/speaker/dan-hill.html]
[2015.dconstruct.org/speaker/ingrid-burrington.html]
[2015.dconstruct.org/speaker/john-willshire.html]
[2015.dconstruct.org/speaker/josh-clark.html]
[2015.dconstruct.org/speaker/mark-stevenson.html]
[2015.dconstruct.org/speaker/matt-novak.html]
[2015.dconstruct.org/speaker/nick-foster.html]
[2015.dconstruct.org/assets/img/sponsors/ubuntu-logo.svg]
[2015.dconstruct.org/assets/img/sponsors/yelp-logo.svg]
[2015.dconstruct.org/assets/img/sponsor-cleaners.png]
[2015.dconstruct.org/assets/img/sponsor-cosmic.png]
[2015.dconstruct.org/assets/img/sponsor-holidays.png]
[2015.dconstruct.org/assets/img/sponsor-toms.png]
[2015.dconstruct.org/podcast.html]
[2015.dconstruct.org/terms-and-conditions.html]
[2015.dconstruct.org/code-of-conduct.html]
[2015.dconstruct.org/index.html]
[2015.dconstruct.org/assets/js/main.js]
[2015.dconstruct.org/assets/fonts/andes-webfont.woff2]
[2015.dconstruct.org/assets/fonts/andes-webfont.woff]
[2015.dconstruct.org/assets/fonts/lamplighter_script-webfont.woff2]
[2015.dconstruct.org/assets/fonts/lamplighter_script-webfont.woff]
[2015.dconstruct.org/assets/img/intro-bg--400.jpg]
[2015.dconstruct.org/assets/img/clouds.svg]
[2015.dconstruct.org/assets/img/intro-bg--600.jpg]
[2015.dconstruct.org/assets/img/intro-bg--800.jpg]
[2015.dconstruct.org/assets/img/intro-bg--1200.jpg]
[2015.dconstruct.org/assets/img/intro-bg--1400.jpg]
[2015.dconstruct.org/assets/img/intro-bg--1600.jpg]
[2015.dconstruct.org/assets/img/intro-bg.jpg]
[2015.dconstruct.org/assets/img/repeatablenoise_section2.png]
[2015.dconstruct.org/assets/img/large-gradient-background.jpg]
[2015.dconstruct.org/assets/img/orange-stripes-plain.png]
[2015.dconstruct.org/assets/img/blue-stripes-plain.png]
[2015.dconstruct.org/assets/img/stars1.png]
[2015.dconstruct.org/assets/img/stars2.png]
[2015.dconstruct.org/assets/img/moon.svg]
[2015.dconstruct.org/assets/img/line.png]
[2015.dconstruct.org/assets/img/ticket-sm.svg]
[2015.dconstruct.org/assets/img/handle.svg]
[2015.dconstruct.org/assets/img/dconstruct-logo.svg]
[2015.dconstruct.org/assets/img/ticket-lg.svg]
[2015.dconstruct.org/assets/img/speakers.png]
[2015.dconstruct.org/assets/img/flying-car.svg]
[2015.dconstruct.org/assets/img/arrow-right-sm.svg]
[2015.dconstruct.org/assets/img/icon-link.svg]
[2015.dconstruct.org/assets/img/icon-twitter.svg]
[2015.dconstruct.org/assets/css/allcd61.css]
[2015.dconstruct.org/assets/img/icon-quote.svg]
[2015.dconstruct.org/assets/img/speakers/brian-david-johnson.png]
[2015.dconstruct.org/speaker/brian-david-johnson.html]
[2015.dconstruct.org/assets/img/speakers/carla-diana.png]
[2015.dconstruct.org/speaker/carla-diana.html]
[2015.dconstruct.org/assets/img/speakers/chris-noessel.png]
[2015.dconstruct.org/speaker/chris-noessel.html]
[2015.dconstruct.org/assets/img/speakers/dan-hill.png]
[2015.dconstruct.org/speaker/dan-hill.html]
[2015.dconstruct.org/assets/img/speakers/ingrid-burrington.png]
[2015.dconstruct.org/speaker/ingrid-burrington.html]
[2015.dconstruct.org/assets/img/speakers/john-willshire.png]
[2015.dconstruct.org/speaker/john-willshire.html]
[2015.dconstruct.org/assets/img/speakers/josh-clark.png]
[2015.dconstruct.org/speaker/josh-clark.html]
[2015.dconstruct.org/assets/img/speakers/mark-stevenson.png]
[2015.dconstruct.org/speaker/mark-stevenson.html]
[2015.dconstruct.org/assets/img/speakers/matt-novak.png]
[2015.dconstruct.org/speaker/matt-novak.html]
[2015.dconstruct.org/assets/img/speakers/nick-foster.png]
[2015.dconstruct.org/speaker/nick-foster.html]
[2015.dconstruct.org/assets/img/sponsors/ubuntu-logo.svg]
[2015.dconstruct.org/assets/img/sponsors/yelp-logo.svg]
[2015.dconstruct.org/assets/css/all.css]
[2015.dconstruct.org/IngridBurrington.mp3]
[2015.dconstruct.org/JoshClark.mp3]
[2015.dconstruct.org/MattNovak.mp3]
[2015.dconstruct.org/podcast.html]
[2015.dconstruct.org/terms-and-conditions.html]
[2015.dconstruct.org/code-of-conduct.html]
[2015.dconstruct.org/assets/img/clouds.svg]
[2015.dconstruct.org/assets/img/moon.svg]
[2015.dconstruct.org/assets/img/ticket-sm.svg]
[2015.dconstruct.org/assets/img/handle.svg]
[2015.dconstruct.org/assets/img/dconstruct-logo.svg]
[2015.dconstruct.org/assets/img/ticket-lg.svg]
[2015.dconstruct.org/assets/img/flying-car.svg]
[2015.dconstruct.org/assets/img/arrow-right-sm.svg]
[2015.dconstruct.org/assets/img/icon-link.svg]
[2015.dconstruct.org/assets/img/icon-twitter.svg]
[2015.dconstruct.org/assets/img/icon-quote.svg]
[2015.dconstruct.org/assets/img/speakers/mark-stevenson.html]
[2015.dconstruct.org/assets/css/all.css]
[2015.dconstruct.org/IngridBurrington.html]
[2015.dconstruct.org/JoshClark.html]
[2015.dconstruct.org/MattNovak.html]
